// Vitest Snapshot v1, https://vitest.dev/guide/snapshot.html

exports[`App > should match snapshot 1`] = `
<DocumentFragment>
  <div
    class="flex items-center justify-center min-h-screen bg-gray-100 p-4"
  >
    <div
      class="w-full max-w-md bg-white rounded-lg shadow-md border border-gray-200"
    >
      <header>
        <h1
          class="text-4xl font-bold text-center my-4"
        >
          To-Do List
        </h1>
        <form
          class="flex flex-col gap-3 m-4"
        >
          <input
            class="rounded-lg px-4 py-2 border border-gray-300 focus:outline-none focus:ring-2 focus:ring-black"
            placeholder="Add a task"
            value=""
          />
        </form>
      </header>
      <ul
        class="w-full divide-y divide-gray-200"
      />
      <footer
        class="flex justify-between items-center px-4 py-2 border-t border-gray-200 text-gray-600 w-full"
      >
        <span>
          <strong
            class="font-semibold"
          >
            0
          </strong>
           outstanding tasks
        </span>
      </footer>
    </div>
  </div>
</DocumentFragment>
`;
